php|7.4.33|
php7.4|7.4.33|
php8.0|8.0.28|
acquia-yaml|1.0.4|gem list acquia-yaml
composer|2.5.7|
composer1|1.10.26|
composer2|2.5.7|
ssh|OpenSSH_7.2p2|ssh -V 2>&1
rsync|3.1.1|
node|18.12.1|
git|2.17.0|
unzip|6.00|unzip -v
bzip2|1.0.6|bzip2 --version 2>&1 | head -n1
gem|3.3.26|
npm|8.19.2|
drush|0.10.2|
drush8|8.4.12|
wget|1.17.1|
mysql|5.7.35|
memcached|1.4.25|apt-cache show memcached
patch|2.7.5|
nvm|0.39.3|
google-chrome|111.0.5563.146|
rvm|1.29.12|
rvm 2.7.x||rvm list
rvm 3.0.x|3.0.6|rvm list
rvm 3.1.x|3.1.3|rvm list
bundler|2.3.26|bundle --version
fontconfig|2.11.94|fc-list --version 2>&1
imagemagick|6.8.9-9|convert --version 2>&1
php extension pcntl||
php extension bcmath||
php extension xsl||
php extension soap||
php7.4 extension pcntl||
php7.4 extension bcmath||
php7.4 extension xsl||
php7.4 extension soap||
php8.0 extension pcntl||
php8.0 extension bcmath||
php8.0 extension xsl||
php8.0 extension soap||
php extension version gd|2.1.0|
php extension version pdo_mysql||
php extension version gmp|6.1.0|
php extension version zip|1.15.6|
php extension version mysqli||
php extension version bz2|1.0.6|
php extension version imagick|3.7.0|
php extension version curl|7.47.0|
php extension version memcached|3.2.0|
php extension version sodium|1.0.8|
php7.4 extension version gd|2.1.0|
php7.4 extension version pdo_mysql|7.4.33|
php7.4 extension version gmp|6.1.0|
php7.4 extension version zip|1.15.6|
php7.4 extension version mysqli|5.7.33|
php7.4 extension version bz2|1.0.6|
php7.4 extension version imagick|3.7.0|
php7.4 extension version curl|7.47.0|
php7.4 extension version memcached|3.2.0|
php7.4 extension version sodium|1.0.8|
php8.0 extension version gd|2.1.0|
php8.0 extension version pdo_mysql|8.0.28|
php8.0 extension version gmp|6.1.0|
php8.0 extension version zip|1.19.5|
php8.0 extension version mysqli|5.7.33|
php8.0 extension version bz2|1.0.6|
php8.0 extension version imagick|3.7.0|
php8.0 extension version curl|7.47.0|
php8.0 extension version memcached|3.2.0|
php8.0 extension version sodium|1.0.8|
